class BlockSchema {
  Header: class BlockVerboseSchemaHeader {
  Seq: 11
  Timestamp: 1428808851
  Fee: 0
  Version: 0
  BlockHash: 70584db7fb8ab88b8dbcfed72ddc42a1aeb8c4882266dbb78439ba3efcd0458d
  PreviousBlockHash: 5c5e6b0f6620a3af54a3259222a5269e60db768d7f805edce3f3e29f2597a487
  TxBodyHash: 4a87de6869c974099e3f5522404fbc7b23f90a8f8dec958bf725317454036cdc
  UxHash: 47d440eb55e32969f35f46450636ca919195977ab8bb5fa3d1e9f0f4b48d7fa1
}

  Body: class BlockSchemaBody {
  Txns: System.Collections.Generic.List`1[System.Object]
}

  Size: 220
}
