class BlockSchema {
  Header: class BlockVerboseSchemaHeader {
  Seq: 0
  Timestamp: 1426562704
  Fee: 0
  Version: 0
  BlockHash: 0551a1e5af999fe8fff529f6f2ab341e1e33db95135eef1b2be44fe6981349f3
  PreviousBlockHash: 0000000000000000000000000000000000000000000000000000000000000000
  TxBodyHash: d556c1c7abf1e86138316b8c17183665512dc67633c04cf236a8b7f332cb4add
  UxHash: 0000000000000000000000000000000000000000000000000000000000000000
}

  Body: class BlockSchemaBody {
  Txns: System.Collections.Generic.List`1[System.Object]
}

  Size: 86
}
